// Jest Snapshot v1, https://goo.gl/fbAQLP

exports[`should render ConfirmationModal 1`] = `
<div>
  <WithStyles(ForwardRef(Dialog))
    TransitionComponent={
      Object {
        "$$typeof": Symbol(react.forward_ref),
        "render": [Function],
      }
    }
    aria-describedby="alert-dialog-slide-description"
    aria-labelledby="alert-dialog-slide-title"
    keepMounted={true}
    onClose={[Function]}
  >
    <WithStyles(ForwardRef(DialogTitle))
      id="alert-dialog-slide-title"
    />
    <WithStyles(ForwardRef(DialogActions))>
      <WithStyles(ForwardRef(Button))
        color="primary"
        onClick={[Function]}
      />
      <WithStyles(ForwardRef(Button))
        color="primary"
        onClick={[Function]}
      />
    </WithStyles(ForwardRef(DialogActions))>
  </WithStyles(ForwardRef(Dialog))>
</div>
`;
