// Jest Snapshot v1, https://goo.gl/fbAQLP

exports[`should render ConfirmationModal 1`] = `
<Modal
  ariaHideApp={false}
  bodyOpenClassName="ReactModal__Body--open"
  className="modal"
  closeTimeoutMS={0}
  contentLabel="Confirm Action"
  isOpen={false}
  onRequestClose={[Function]}
  parentSelector={[Function]}
  portalClassName="ReactModalPortal"
  shouldCloseOnOverlayClick={true}
>
  <p>
    Are you sure?
  </p>
  <div
    className="button--group"
  >
    <button
      className="button"
      onClick={[Function]}
    >
      Yes
    </button>
    <button
      className="button"
      onClick={[Function]}
    >
      No
    </button>
  </div>
</Modal>
`;
