// Jest Snapshot v1, https://goo.gl/fbAQLP

exports[`should render ExpenseList with empty message 1`] = `
<div>
  <h1>
    Expense List
  </h1>
</div>
`;

exports[`should render ExpenseList with expenses 1`] = `
<div>
  <h1>
    Expense List
  </h1>
  <ExpenseListItem
    amount={109500}
    createdAt={0}
    description="Rent"
    id="1"
  />
  <ExpenseListItem
    amount={205120}
    createdAt={-345600000}
    description="Gas"
    id="2"
  />
  <ExpenseListItem
    amount={520}
    createdAt={345600000}
    description="Petrol"
    id={3}
  />
</div>
`;
